Testing Gemini API Key...
Key present: true
Trying gemini-2.0-flash...
gemini-2.0-flash failed: [GoogleGenerativeAI Error]: Error fetching from https://generativelanguage.googleapis.com/v1beta/models/gemini-2.0-flash:generateContent: [429 Too Many Requests] You exceeded your current quota, please check your plan and billing details. For more information on this error, head to: https://ai.google.dev/gemini-api/docs/rate-limits. To monitor your current usage, head to: https://ai.dev/rate-limit. 
* Quota exceeded for metric: generativelanguage.googleapis.com/generate_content_free_tier_input_token_count, limit: 0, model: gemini-2.0-flash
* Quota exceeded for metric: generativelanguage.googleapis.com/generate_content_free_tier_requests, limit: 0, model: gemini-2.0-flash
* Quota exceeded for metric: generativelanguage.googleapis.com/generate_content_free_tier_requests, limit: 0, model: gemini-2.0-flash
Please retry in 14.516480863s. [{"@type":"type.googleapis.com/google.rpc.Help","links":[{"description":"Learn more about Gemini API quotas","url":"https://ai.google.dev/gemini-api/docs/rate-limits"}]},{"@type":"type.googleapis.com/google.rpc.QuotaFailure","violations":[{"quotaMetric":"generativelanguage.googleapis.com/generate_content_free_tier_input_token_count","quotaId":"GenerateContentInputTokensPerModelPerMinute-FreeTier","quotaDimensions":{"location":"global","model":"gemini-2.0-flash"}},{"quotaMetric":"generativelanguage.googleapis.com/generate_content_free_tier_requests","quotaId":"GenerateRequestsPerMinutePerProjectPerModel-FreeTier","quotaDimensions":{"model":"gemini-2.0-flash","location":"global"}},{"quotaMetric":"generativelanguage.googleapis.com/generate_content_free_tier_requests","quotaId":"GenerateRequestsPerDayPerProjectPerModel-FreeTier","quotaDimensions":{"location":"global","model":"gemini-2.0-flash"}}]},{"@type":"type.googleapis.com/google.rpc.RetryInfo","retryDelay":"14s"}]
Trying gemini-1.5-flash...
gemini-1.5-flash failed: [GoogleGenerativeAI Error]: Error fetching from https://generativelanguage.googleapis.com/v1beta/models/gemini-1.5-flash:generateContent: [404 Not Found] models/gemini-1.5-flash is not found for API version v1beta, or is not supported for generateContent. Call ListModels to see the list of available models and their supported methods.
Fetching list of available models...
Available models supporting generateContent:
- models/gemini-2.5-flash
- models/gemini-2.5-pro
- models/gemini-2.0-flash
- models/gemini-2.0-flash-001
- models/gemini-2.0-flash-lite-001
- models/gemini-2.0-flash-lite
- models/gemini-2.5-flash-preview-tts
- models/gemini-2.5-pro-preview-tts
- models/gemma-3-1b-it
- models/gemma-3-4b-it
- models/gemma-3-12b-it
- models/gemma-3-27b-it
- models/gemma-3n-e4b-it
- models/gemma-3n-e2b-it
- models/gemini-flash-latest
- models/gemini-flash-lite-latest
- models/gemini-pro-latest
- models/gemini-2.5-flash-lite
- models/gemini-2.5-flash-image
- models/gemini-2.5-flash-lite-preview-09-2025
- models/gemini-3-pro-preview
- models/gemini-3-flash-preview
- models/gemini-3.1-pro-preview
- models/gemini-3.1-pro-preview-customtools
- models/gemini-3.1-flash-lite-preview
- models/gemini-3-pro-image-preview
- models/nano-banana-pro-preview
- models/gemini-3.1-flash-image-preview
- models/gemini-robotics-er-1.5-preview
- models/gemini-2.5-computer-use-preview-10-2025
- models/deep-research-pro-preview-12-2025
